main.c:112:5:main	16	static
main.c:175:6:SystemClock_Config	88	static
main.c:220:13:MX_ADC1_Init	24	static
main.c:270:13:MX_SPI3_Init	8	static
main.c:308:13:MX_TIM3_Init	32	static
main.c:353:13:MX_TIM11_Init	8	static
main.c:384:13:MX_USART2_UART_Init	8	static
main.c:415:13:MX_DMA_Init	16	static
main.c:433:13:MX_GPIO_Init	48	static
main.c:486:6:generatorInit	16	static
main.c:501:6:generator	24	static
main.c:548:6:MCP4922SetOutput	24	static
main.c:555:6:HAL_SPI_TxCpltCallback	16	static
main.c:563:6:HAL_TIM_PeriodElapsedCallback	24	static
main.c:571:17:micros	12	static
main.c:581:6:Error_Handler	4	static,ignoring_inline_asm
