main.c:130:5:main	24	static
main.c:205:6:SystemClock_Config	88	static
main.c:250:13:MX_ADC1_Init	24	static
main.c:300:13:MX_SPI3_Init	8	static
main.c:338:13:MX_TIM3_Init	32	static
main.c:383:13:MX_TIM11_Init	8	static
main.c:414:13:MX_USART2_UART_Init	8	static
main.c:445:13:MX_DMA_Init	16	static
main.c:463:13:MX_GPIO_Init	48	static
main.c:516:6:updateUI	280	static
main.c:745:6:updateStatus	256	static
main.c:800:9:UARTRecieveIT	16	static
main.c:815:6:generatorInit	16	static
main.c:830:6:generator	24	static
main.c:880:6:MCP4922SetOutput	24	static
main.c:887:6:HAL_SPI_TxCpltCallback	16	static
main.c:895:6:HAL_TIM_PeriodElapsedCallback	24	static
main.c:903:17:micros	12	static
main.c:913:6:Error_Handler	4	static,ignoring_inline_asm
